// Jest Snapshot v1, https://goo.gl/fbAQLP

exports[`TypesGenerator/TypesGeneratorV3/ASTBuilderTypes should build AST 1`] = `
[
  NodeObject {
    "end": -1,
    "flags": 8,
    "jsDoc": undefined,
    "kind": 264,
    "localSymbol": undefined,
    "locals": undefined,
    "modifierFlagsCache": 0,
    "modifiers": [
      TokenObject {
        "end": -1,
        "flags": 8,
        "kind": 95,
        "modifierFlagsCache": 0,
        "parent": undefined,
        "pos": -1,
        "transformFlags": 0,
      },
    ],
    "name": IdentifierObject {
      "end": -1,
      "escapedText": "Pet",
      "flags": 8,
      "flowNode": undefined,
      "jsDoc": undefined,
      "kind": 80,
      "modifierFlagsCache": 0,
      "parent": undefined,
      "pos": -1,
      "symbol": undefined,
      "transformFlags": 0,
    },
    "nextContainer": undefined,
    "parent": undefined,
    "pos": -1,
    "symbol": undefined,
    "transformFlags": 1,
    "type": NodeObject {
      "end": -1,
      "flags": 8,
      "kind": 186,
      "localSymbol": undefined,
      "members": [
        NodeObject {
          "end": -1,
          "flags": 8,
          "initializer": undefined,
          "jsDoc": undefined,
          "kind": 170,
          "localSymbol": undefined,
          "modifierFlagsCache": 0,
          "modifiers": undefined,
          "name": IdentifierObject {
            "end": -1,
            "escapedText": "id",
            "flags": 8,
            "flowNode": undefined,
            "jsDoc": undefined,
            "kind": 80,
            "modifierFlagsCache": 0,
            "parent": undefined,
            "pos": -1,
            "symbol": undefined,
            "transformFlags": 0,
          },
          "parent": undefined,
          "pos": -1,
          "questionToken": TokenObject {
            "end": -1,
            "flags": 8,
            "kind": 58,
            "modifierFlagsCache": 0,
            "parent": undefined,
            "pos": -1,
            "transformFlags": 0,
          },
          "symbol": undefined,
          "transformFlags": 1,
          "type": TokenObject {
            "end": -1,
            "flags": 8,
            "kind": 150,
            "modifierFlagsCache": 0,
            "parent": undefined,
            "pos": -1,
            "transformFlags": 1,
          },
        },
        NodeObject {
          "end": -1,
          "flags": 8,
          "initializer": undefined,
          "jsDoc": undefined,
          "kind": 170,
          "localSymbol": undefined,
          "modifierFlagsCache": 0,
          "modifiers": undefined,
          "name": IdentifierObject {
            "end": -1,
            "escapedText": "name",
            "flags": 8,
            "flowNode": undefined,
            "jsDoc": undefined,
            "kind": 80,
            "modifierFlagsCache": 0,
            "parent": undefined,
            "pos": -1,
            "symbol": undefined,
            "transformFlags": 0,
          },
          "parent": undefined,
          "pos": -1,
          "questionToken": undefined,
          "symbol": undefined,
          "transformFlags": 1,
          "type": TokenObject {
            "end": -1,
            "flags": 8,
            "kind": 154,
            "modifierFlagsCache": 0,
            "parent": undefined,
            "pos": -1,
            "transformFlags": 1,
          },
        },
        NodeObject {
          "end": -1,
          "flags": 8,
          "initializer": undefined,
          "jsDoc": undefined,
          "kind": 170,
          "localSymbol": undefined,
          "modifierFlagsCache": 0,
          "modifiers": undefined,
          "name": IdentifierObject {
            "end": -1,
            "escapedText": "category",
            "flags": 8,
            "flowNode": undefined,
            "jsDoc": undefined,
            "kind": 80,
            "modifierFlagsCache": 0,
            "parent": undefined,
            "pos": -1,
            "symbol": undefined,
            "transformFlags": 0,
          },
          "parent": undefined,
          "pos": -1,
          "questionToken": TokenObject {
            "end": -1,
            "flags": 8,
            "kind": 58,
            "modifierFlagsCache": 0,
            "parent": undefined,
            "pos": -1,
            "transformFlags": 0,
          },
          "symbol": undefined,
          "transformFlags": 1,
          "type": NodeObject {
            "end": -1,
            "flags": 8,
            "kind": 182,
            "modifierFlagsCache": 0,
            "parent": undefined,
            "pos": -1,
            "transformFlags": 1,
            "typeArguments": undefined,
            "typeName": IdentifierObject {
              "end": -1,
              "escapedText": "Category",
              "flags": 8,
              "flowNode": undefined,
              "jsDoc": undefined,
              "kind": 80,
              "modifierFlagsCache": 0,
              "parent": undefined,
              "pos": -1,
              "symbol": undefined,
              "transformFlags": 0,
            },
          },
        },
        NodeObject {
          "end": -1,
          "flags": 8,
          "initializer": undefined,
          "jsDoc": undefined,
          "kind": 170,
          "localSymbol": undefined,
          "modifierFlagsCache": 0,
          "modifiers": undefined,
          "name": IdentifierObject {
            "end": -1,
            "escapedText": "photoUrls",
            "flags": 8,
            "flowNode": undefined,
            "jsDoc": undefined,
            "kind": 80,
            "modifierFlagsCache": 0,
            "parent": undefined,
            "pos": -1,
            "symbol": undefined,
            "transformFlags": 0,
          },
          "parent": undefined,
          "pos": -1,
          "questionToken": undefined,
          "symbol": undefined,
          "transformFlags": 1,
          "type": NodeObject {
            "elementType": TokenObject {
              "end": -1,
              "flags": 8,
              "kind": 154,
              "modifierFlagsCache": 0,
              "parent": undefined,
              "pos": -1,
              "transformFlags": 1,
            },
            "end": -1,
            "flags": 8,
            "kind": 187,
            "modifierFlagsCache": 0,
            "parent": undefined,
            "pos": -1,
            "transformFlags": 1,
          },
        },
        NodeObject {
          "end": -1,
          "flags": 8,
          "initializer": undefined,
          "jsDoc": undefined,
          "kind": 170,
          "localSymbol": undefined,
          "modifierFlagsCache": 0,
          "modifiers": undefined,
          "name": IdentifierObject {
            "end": -1,
            "escapedText": "tags",
            "flags": 8,
            "flowNode": undefined,
            "jsDoc": undefined,
            "kind": 80,
            "modifierFlagsCache": 0,
            "parent": undefined,
            "pos": -1,
            "symbol": undefined,
            "transformFlags": 0,
          },
          "parent": undefined,
          "pos": -1,
          "questionToken": TokenObject {
            "end": -1,
            "flags": 8,
            "kind": 58,
            "modifierFlagsCache": 0,
            "parent": undefined,
            "pos": -1,
            "transformFlags": 0,
          },
          "symbol": undefined,
          "transformFlags": 1,
          "type": NodeObject {
            "elementType": NodeObject {
              "end": -1,
              "flags": 8,
              "kind": 182,
              "modifierFlagsCache": 0,
              "parent": undefined,
              "pos": -1,
              "transformFlags": 1,
              "typeArguments": undefined,
              "typeName": IdentifierObject {
                "end": -1,
                "escapedText": "Tag",
                "flags": 8,
                "flowNode": undefined,
                "jsDoc": undefined,
                "kind": 80,
                "modifierFlagsCache": 0,
                "parent": undefined,
                "pos": -1,
                "symbol": undefined,
                "transformFlags": 0,
              },
            },
            "end": -1,
            "flags": 8,
            "kind": 187,
            "modifierFlagsCache": 0,
            "parent": undefined,
            "pos": -1,
            "transformFlags": 1,
          },
        },
        NodeObject {
          "end": -1,
          "flags": 8,
          "initializer": undefined,
          "jsDoc": undefined,
          "kind": 170,
          "localSymbol": undefined,
          "modifierFlagsCache": 0,
          "modifiers": undefined,
          "name": IdentifierObject {
            "end": -1,
            "escapedText": "status",
            "flags": 8,
            "flowNode": undefined,
            "jsDoc": undefined,
            "kind": 80,
            "modifierFlagsCache": 0,
            "parent": undefined,
            "pos": -1,
            "symbol": undefined,
            "transformFlags": 0,
          },
          "parent": undefined,
          "pos": -1,
          "questionToken": TokenObject {
            "end": -1,
            "flags": 8,
            "kind": 58,
            "modifierFlagsCache": 0,
            "parent": undefined,
            "pos": -1,
            "transformFlags": 0,
          },
          "symbol": undefined,
          "transformFlags": 1,
          "type": NodeObject {
            "end": -1,
            "flags": 8,
            "kind": 191,
            "modifierFlagsCache": 0,
            "parent": undefined,
            "pos": -1,
            "transformFlags": 1,
            "types": [
              NodeObject {
                "end": -1,
                "flags": 8,
                "kind": 200,
                "literal": NodeObject {
                  "end": -1,
                  "flags": 8,
                  "hasExtendedUnicodeEscape": undefined,
                  "kind": 11,
                  "localSymbol": undefined,
                  "modifierFlagsCache": 0,
                  "parent": undefined,
                  "pos": -1,
                  "singleQuote": undefined,
                  "symbol": undefined,
                  "text": "available",
                  "transformFlags": 0,
                },
                "modifierFlagsCache": 0,
                "parent": undefined,
                "pos": -1,
                "transformFlags": 1,
              },
              NodeObject {
                "end": -1,
                "flags": 8,
                "kind": 200,
                "literal": NodeObject {
                  "end": -1,
                  "flags": 8,
                  "hasExtendedUnicodeEscape": undefined,
                  "kind": 11,
                  "localSymbol": undefined,
                  "modifierFlagsCache": 0,
                  "parent": undefined,
                  "pos": -1,
                  "singleQuote": undefined,
                  "symbol": undefined,
                  "text": "pending",
                  "transformFlags": 0,
                },
                "modifierFlagsCache": 0,
                "parent": undefined,
                "pos": -1,
                "transformFlags": 1,
              },
              NodeObject {
                "end": -1,
                "flags": 8,
                "kind": 200,
                "literal": NodeObject {
                  "end": -1,
                  "flags": 8,
                  "hasExtendedUnicodeEscape": undefined,
                  "kind": 11,
                  "localSymbol": undefined,
                  "modifierFlagsCache": 0,
                  "parent": undefined,
                  "pos": -1,
                  "singleQuote": undefined,
                  "symbol": undefined,
                  "text": "sold",
                  "transformFlags": 0,
                },
                "modifierFlagsCache": 0,
                "parent": undefined,
                "pos": -1,
                "transformFlags": 1,
              },
            ],
          },
        },
      ],
      "modifierFlagsCache": 0,
      "parent": undefined,
      "pos": -1,
      "symbol": undefined,
      "transformFlags": 1,
    },
    "typeParameters": undefined,
  },
  NodeObject {
    "end": -1,
    "flags": 8,
    "jsDoc": undefined,
    "kind": 264,
    "localSymbol": undefined,
    "locals": undefined,
    "modifierFlagsCache": 0,
    "modifiers": [
      TokenObject {
        "end": -1,
        "flags": 8,
        "kind": 95,
        "modifierFlagsCache": 0,
        "parent": undefined,
        "pos": -1,
        "transformFlags": 0,
      },
    ],
    "name": IdentifierObject {
      "end": -1,
      "escapedText": "Order",
      "flags": 8,
      "flowNode": undefined,
      "jsDoc": undefined,
      "kind": 80,
      "modifierFlagsCache": 0,
      "parent": undefined,
      "pos": -1,
      "symbol": undefined,
      "transformFlags": 0,
    },
    "nextContainer": undefined,
    "parent": undefined,
    "pos": -1,
    "symbol": undefined,
    "transformFlags": 1,
    "type": NodeObject {
      "end": -1,
      "flags": 8,
      "kind": 186,
      "localSymbol": undefined,
      "members": [
        NodeObject {
          "end": -1,
          "flags": 8,
          "initializer": undefined,
          "jsDoc": undefined,
          "kind": 170,
          "localSymbol": undefined,
          "modifierFlagsCache": 0,
          "modifiers": undefined,
          "name": IdentifierObject {
            "end": -1,
            "escapedText": "id",
            "flags": 8,
            "flowNode": undefined,
            "jsDoc": undefined,
            "kind": 80,
            "modifierFlagsCache": 0,
            "parent": undefined,
            "pos": -1,
            "symbol": undefined,
            "transformFlags": 0,
          },
          "parent": undefined,
          "pos": -1,
          "questionToken": TokenObject {
            "end": -1,
            "flags": 8,
            "kind": 58,
            "modifierFlagsCache": 0,
            "parent": undefined,
            "pos": -1,
            "transformFlags": 0,
          },
          "symbol": undefined,
          "transformFlags": 1,
          "type": TokenObject {
            "end": -1,
            "flags": 8,
            "kind": 150,
            "modifierFlagsCache": 0,
            "parent": undefined,
            "pos": -1,
            "transformFlags": 1,
          },
        },
        NodeObject {
          "end": -1,
          "flags": 8,
          "initializer": undefined,
          "jsDoc": undefined,
          "kind": 170,
          "localSymbol": undefined,
          "modifierFlagsCache": 0,
          "modifiers": undefined,
          "name": IdentifierObject {
            "end": -1,
            "escapedText": "petId",
            "flags": 8,
            "flowNode": undefined,
            "jsDoc": undefined,
            "kind": 80,
            "modifierFlagsCache": 0,
            "parent": undefined,
            "pos": -1,
            "symbol": undefined,
            "transformFlags": 0,
          },
          "parent": undefined,
          "pos": -1,
          "questionToken": TokenObject {
            "end": -1,
            "flags": 8,
            "kind": 58,
            "modifierFlagsCache": 0,
            "parent": undefined,
            "pos": -1,
            "transformFlags": 0,
          },
          "symbol": undefined,
          "transformFlags": 1,
          "type": TokenObject {
            "end": -1,
            "flags": 8,
            "kind": 150,
            "modifierFlagsCache": 0,
            "parent": undefined,
            "pos": -1,
            "transformFlags": 1,
          },
        },
        NodeObject {
          "end": -1,
          "flags": 8,
          "initializer": undefined,
          "jsDoc": undefined,
          "kind": 170,
          "localSymbol": undefined,
          "modifierFlagsCache": 0,
          "modifiers": undefined,
          "name": IdentifierObject {
            "end": -1,
            "escapedText": "quantity",
            "flags": 8,
            "flowNode": undefined,
            "jsDoc": undefined,
            "kind": 80,
            "modifierFlagsCache": 0,
            "parent": undefined,
            "pos": -1,
            "symbol": undefined,
            "transformFlags": 0,
          },
          "parent": undefined,
          "pos": -1,
          "questionToken": TokenObject {
            "end": -1,
            "flags": 8,
            "kind": 58,
            "modifierFlagsCache": 0,
            "parent": undefined,
            "pos": -1,
            "transformFlags": 0,
          },
          "symbol": undefined,
          "transformFlags": 1,
          "type": TokenObject {
            "end": -1,
            "flags": 8,
            "kind": 150,
            "modifierFlagsCache": 0,
            "parent": undefined,
            "pos": -1,
            "transformFlags": 1,
          },
        },
        NodeObject {
          "end": -1,
          "flags": 8,
          "initializer": undefined,
          "jsDoc": undefined,
          "kind": 170,
          "localSymbol": undefined,
          "modifierFlagsCache": 0,
          "modifiers": undefined,
          "name": IdentifierObject {
            "end": -1,
            "escapedText": "shipDate",
            "flags": 8,
            "flowNode": undefined,
            "jsDoc": undefined,
            "kind": 80,
            "modifierFlagsCache": 0,
            "parent": undefined,
            "pos": -1,
            "symbol": undefined,
            "transformFlags": 0,
          },
          "parent": undefined,
          "pos": -1,
          "questionToken": TokenObject {
            "end": -1,
            "flags": 8,
            "kind": 58,
            "modifierFlagsCache": 0,
            "parent": undefined,
            "pos": -1,
            "transformFlags": 0,
          },
          "symbol": undefined,
          "transformFlags": 1,
          "type": TokenObject {
            "end": -1,
            "flags": 8,
            "kind": 154,
            "modifierFlagsCache": 0,
            "parent": undefined,
            "pos": -1,
            "transformFlags": 1,
          },
        },
        NodeObject {
          "end": -1,
          "flags": 8,
          "initializer": undefined,
          "jsDoc": undefined,
          "kind": 170,
          "localSymbol": undefined,
          "modifierFlagsCache": 0,
          "modifiers": undefined,
          "name": IdentifierObject {
            "end": -1,
            "escapedText": "status",
            "flags": 8,
            "flowNode": undefined,
            "jsDoc": undefined,
            "kind": 80,
            "modifierFlagsCache": 0,
            "parent": undefined,
            "pos": -1,
            "symbol": undefined,
            "transformFlags": 0,
          },
          "parent": undefined,
          "pos": -1,
          "questionToken": TokenObject {
            "end": -1,
            "flags": 8,
            "kind": 58,
            "modifierFlagsCache": 0,
            "parent": undefined,
            "pos": -1,
            "transformFlags": 0,
          },
          "symbol": undefined,
          "transformFlags": 1,
          "type": NodeObject {
            "end": -1,
            "flags": 8,
            "kind": 191,
            "modifierFlagsCache": 0,
            "parent": undefined,
            "pos": -1,
            "transformFlags": 1,
            "types": [
              NodeObject {
                "end": -1,
                "flags": 8,
                "kind": 200,
                "literal": NodeObject {
                  "end": -1,
                  "flags": 8,
                  "hasExtendedUnicodeEscape": undefined,
                  "kind": 11,
                  "localSymbol": undefined,
                  "modifierFlagsCache": 0,
                  "parent": undefined,
                  "pos": -1,
                  "singleQuote": undefined,
                  "symbol": undefined,
                  "text": "placed",
                  "transformFlags": 0,
                },
                "modifierFlagsCache": 0,
                "parent": undefined,
                "pos": -1,
                "transformFlags": 1,
              },
              NodeObject {
                "end": -1,
                "flags": 8,
                "kind": 200,
                "literal": NodeObject {
                  "end": -1,
                  "flags": 8,
                  "hasExtendedUnicodeEscape": undefined,
                  "kind": 11,
                  "localSymbol": undefined,
                  "modifierFlagsCache": 0,
                  "parent": undefined,
                  "pos": -1,
                  "singleQuote": undefined,
                  "symbol": undefined,
                  "text": "approved",
                  "transformFlags": 0,
                },
                "modifierFlagsCache": 0,
                "parent": undefined,
                "pos": -1,
                "transformFlags": 1,
              },
              NodeObject {
                "end": -1,
                "flags": 8,
                "kind": 200,
                "literal": NodeObject {
                  "end": -1,
                  "flags": 8,
                  "hasExtendedUnicodeEscape": undefined,
                  "kind": 11,
                  "localSymbol": undefined,
                  "modifierFlagsCache": 0,
                  "parent": undefined,
                  "pos": -1,
                  "singleQuote": undefined,
                  "symbol": undefined,
                  "text": "delivered",
                  "transformFlags": 0,
                },
                "modifierFlagsCache": 0,
                "parent": undefined,
                "pos": -1,
                "transformFlags": 1,
              },
            ],
          },
        },
        NodeObject {
          "end": -1,
          "flags": 8,
          "initializer": undefined,
          "jsDoc": undefined,
          "kind": 170,
          "localSymbol": undefined,
          "modifierFlagsCache": 0,
          "modifiers": undefined,
          "name": IdentifierObject {
            "end": -1,
            "escapedText": "complete",
            "flags": 8,
            "flowNode": undefined,
            "jsDoc": undefined,
            "kind": 80,
            "modifierFlagsCache": 0,
            "parent": undefined,
            "pos": -1,
            "symbol": undefined,
            "transformFlags": 0,
          },
          "parent": undefined,
          "pos": -1,
          "questionToken": TokenObject {
            "end": -1,
            "flags": 8,
            "kind": 58,
            "modifierFlagsCache": 0,
            "parent": undefined,
            "pos": -1,
            "transformFlags": 0,
          },
          "symbol": undefined,
          "transformFlags": 1,
          "type": TokenObject {
            "end": -1,
            "flags": 8,
            "kind": 136,
            "modifierFlagsCache": 0,
            "parent": undefined,
            "pos": -1,
            "transformFlags": 1,
          },
        },
      ],
      "modifierFlagsCache": 0,
      "parent": undefined,
      "pos": -1,
      "symbol": undefined,
      "transformFlags": 1,
    },
    "typeParameters": undefined,
  },
  NodeObject {
    "end": -1,
    "flags": 8,
    "jsDoc": undefined,
    "kind": 264,
    "localSymbol": undefined,
    "locals": undefined,
    "modifierFlagsCache": 0,
    "modifiers": [
      TokenObject {
        "end": -1,
        "flags": 8,
        "kind": 95,
        "modifierFlagsCache": 0,
        "parent": undefined,
        "pos": -1,
        "transformFlags": 0,
      },
    ],
    "name": IdentifierObject {
      "end": -1,
      "escapedText": "User",
      "flags": 8,
      "flowNode": undefined,
      "jsDoc": undefined,
      "kind": 80,
      "modifierFlagsCache": 0,
      "parent": undefined,
      "pos": -1,
      "symbol": undefined,
      "transformFlags": 0,
    },
    "nextContainer": undefined,
    "parent": undefined,
    "pos": -1,
    "symbol": undefined,
    "transformFlags": 1,
    "type": NodeObject {
      "end": -1,
      "flags": 8,
      "kind": 186,
      "localSymbol": undefined,
      "members": [
        NodeObject {
          "end": -1,
          "flags": 8,
          "initializer": undefined,
          "jsDoc": undefined,
          "kind": 170,
          "localSymbol": undefined,
          "modifierFlagsCache": 0,
          "modifiers": undefined,
          "name": IdentifierObject {
            "end": -1,
            "escapedText": "id",
            "flags": 8,
            "flowNode": undefined,
            "jsDoc": undefined,
            "kind": 80,
            "modifierFlagsCache": 0,
            "parent": undefined,
            "pos": -1,
            "symbol": undefined,
            "transformFlags": 0,
          },
          "parent": undefined,
          "pos": -1,
          "questionToken": TokenObject {
            "end": -1,
            "flags": 8,
            "kind": 58,
            "modifierFlagsCache": 0,
            "parent": undefined,
            "pos": -1,
            "transformFlags": 0,
          },
          "symbol": undefined,
          "transformFlags": 1,
          "type": TokenObject {
            "end": -1,
            "flags": 8,
            "kind": 150,
            "modifierFlagsCache": 0,
            "parent": undefined,
            "pos": -1,
            "transformFlags": 1,
          },
        },
        NodeObject {
          "end": -1,
          "flags": 8,
          "initializer": undefined,
          "jsDoc": undefined,
          "kind": 170,
          "localSymbol": undefined,
          "modifierFlagsCache": 0,
          "modifiers": undefined,
          "name": IdentifierObject {
            "end": -1,
            "escapedText": "username",
            "flags": 8,
            "flowNode": undefined,
            "jsDoc": undefined,
            "kind": 80,
            "modifierFlagsCache": 0,
            "parent": undefined,
            "pos": -1,
            "symbol": undefined,
            "transformFlags": 0,
          },
          "parent": undefined,
          "pos": -1,
          "questionToken": TokenObject {
            "end": -1,
            "flags": 8,
            "kind": 58,
            "modifierFlagsCache": 0,
            "parent": undefined,
            "pos": -1,
            "transformFlags": 0,
          },
          "symbol": undefined,
          "transformFlags": 1,
          "type": TokenObject {
            "end": -1,
            "flags": 8,
            "kind": 154,
            "modifierFlagsCache": 0,
            "parent": undefined,
            "pos": -1,
            "transformFlags": 1,
          },
        },
        NodeObject {
          "end": -1,
          "flags": 8,
          "initializer": undefined,
          "jsDoc": undefined,
          "kind": 170,
          "localSymbol": undefined,
          "modifierFlagsCache": 0,
          "modifiers": undefined,
          "name": IdentifierObject {
            "end": -1,
            "escapedText": "firstName",
            "flags": 8,
            "flowNode": undefined,
            "jsDoc": undefined,
            "kind": 80,
            "modifierFlagsCache": 0,
            "parent": undefined,
            "pos": -1,
            "symbol": undefined,
            "transformFlags": 0,
          },
          "parent": undefined,
          "pos": -1,
          "questionToken": TokenObject {
            "end": -1,
            "flags": 8,
            "kind": 58,
            "modifierFlagsCache": 0,
            "parent": undefined,
            "pos": -1,
            "transformFlags": 0,
          },
          "symbol": undefined,
          "transformFlags": 1,
          "type": TokenObject {
            "end": -1,
            "flags": 8,
            "kind": 154,
            "modifierFlagsCache": 0,
            "parent": undefined,
            "pos": -1,
            "transformFlags": 1,
          },
        },
        NodeObject {
          "end": -1,
          "flags": 8,
          "initializer": undefined,
          "jsDoc": undefined,
          "kind": 170,
          "localSymbol": undefined,
          "modifierFlagsCache": 0,
          "modifiers": undefined,
          "name": IdentifierObject {
            "end": -1,
            "escapedText": "lastName",
            "flags": 8,
            "flowNode": undefined,
            "jsDoc": undefined,
            "kind": 80,
            "modifierFlagsCache": 0,
            "parent": undefined,
            "pos": -1,
            "symbol": undefined,
            "transformFlags": 0,
          },
          "parent": undefined,
          "pos": -1,
          "questionToken": TokenObject {
            "end": -1,
            "flags": 8,
            "kind": 58,
            "modifierFlagsCache": 0,
            "parent": undefined,
            "pos": -1,
            "transformFlags": 0,
          },
          "symbol": undefined,
          "transformFlags": 1,
          "type": TokenObject {
            "end": -1,
            "flags": 8,
            "kind": 154,
            "modifierFlagsCache": 0,
            "parent": undefined,
            "pos": -1,
            "transformFlags": 1,
          },
        },
        NodeObject {
          "end": -1,
          "flags": 8,
          "initializer": undefined,
          "jsDoc": undefined,
          "kind": 170,
          "localSymbol": undefined,
          "modifierFlagsCache": 0,
          "modifiers": undefined,
          "name": IdentifierObject {
            "end": -1,
            "escapedText": "email",
            "flags": 8,
            "flowNode": undefined,
            "jsDoc": undefined,
            "kind": 80,
            "modifierFlagsCache": 0,
            "parent": undefined,
            "pos": -1,
            "symbol": undefined,
            "transformFlags": 0,
          },
          "parent": undefined,
          "pos": -1,
          "questionToken": TokenObject {
            "end": -1,
            "flags": 8,
            "kind": 58,
            "modifierFlagsCache": 0,
            "parent": undefined,
            "pos": -1,
            "transformFlags": 0,
          },
          "symbol": undefined,
          "transformFlags": 1,
          "type": TokenObject {
            "end": -1,
            "flags": 8,
            "kind": 154,
            "modifierFlagsCache": 0,
            "parent": undefined,
            "pos": -1,
            "transformFlags": 1,
          },
        },
        NodeObject {
          "end": -1,
          "flags": 8,
          "initializer": undefined,
          "jsDoc": undefined,
          "kind": 170,
          "localSymbol": undefined,
          "modifierFlagsCache": 0,
          "modifiers": undefined,
          "name": IdentifierObject {
            "end": -1,
            "escapedText": "password",
            "flags": 8,
            "flowNode": undefined,
            "jsDoc": undefined,
            "kind": 80,
            "modifierFlagsCache": 0,
            "parent": undefined,
            "pos": -1,
            "symbol": undefined,
            "transformFlags": 0,
          },
          "parent": undefined,
          "pos": -1,
          "questionToken": TokenObject {
            "end": -1,
            "flags": 8,
            "kind": 58,
            "modifierFlagsCache": 0,
            "parent": undefined,
            "pos": -1,
            "transformFlags": 0,
          },
          "symbol": undefined,
          "transformFlags": 1,
          "type": TokenObject {
            "end": -1,
            "flags": 8,
            "kind": 154,
            "modifierFlagsCache": 0,
            "parent": undefined,
            "pos": -1,
            "transformFlags": 1,
          },
        },
        NodeObject {
          "end": -1,
          "flags": 8,
          "initializer": undefined,
          "jsDoc": undefined,
          "kind": 170,
          "localSymbol": undefined,
          "modifierFlagsCache": 0,
          "modifiers": undefined,
          "name": IdentifierObject {
            "end": -1,
            "escapedText": "phone",
            "flags": 8,
            "flowNode": undefined,
            "jsDoc": undefined,
            "kind": 80,
            "modifierFlagsCache": 0,
            "parent": undefined,
            "pos": -1,
            "symbol": undefined,
            "transformFlags": 0,
          },
          "parent": undefined,
          "pos": -1,
          "questionToken": TokenObject {
            "end": -1,
            "flags": 8,
            "kind": 58,
            "modifierFlagsCache": 0,
            "parent": undefined,
            "pos": -1,
            "transformFlags": 0,
          },
          "symbol": undefined,
          "transformFlags": 1,
          "type": TokenObject {
            "end": -1,
            "flags": 8,
            "kind": 154,
            "modifierFlagsCache": 0,
            "parent": undefined,
            "pos": -1,
            "transformFlags": 1,
          },
        },
        NodeObject {
          "end": -1,
          "flags": 8,
          "initializer": undefined,
          "jsDoc": undefined,
          "kind": 170,
          "localSymbol": undefined,
          "modifierFlagsCache": 0,
          "modifiers": undefined,
          "name": IdentifierObject {
            "end": -1,
            "escapedText": "userStatus",
            "flags": 8,
            "flowNode": undefined,
            "jsDoc": undefined,
            "kind": 80,
            "modifierFlagsCache": 0,
            "parent": undefined,
            "pos": -1,
            "symbol": undefined,
            "transformFlags": 0,
          },
          "parent": undefined,
          "pos": -1,
          "questionToken": TokenObject {
            "end": -1,
            "flags": 8,
            "kind": 58,
            "modifierFlagsCache": 0,
            "parent": undefined,
            "pos": -1,
            "transformFlags": 0,
          },
          "symbol": undefined,
          "transformFlags": 1,
          "type": TokenObject {
            "end": -1,
            "flags": 8,
            "kind": 150,
            "modifierFlagsCache": 0,
            "parent": undefined,
            "pos": -1,
            "transformFlags": 1,
          },
        },
      ],
      "modifierFlagsCache": 0,
      "parent": undefined,
      "pos": -1,
      "symbol": undefined,
      "transformFlags": 1,
    },
    "typeParameters": undefined,
  },
  NodeObject {
    "end": -1,
    "flags": 8,
    "jsDoc": undefined,
    "kind": 264,
    "localSymbol": undefined,
    "locals": undefined,
    "modifierFlagsCache": 0,
    "modifiers": [
      TokenObject {
        "end": -1,
        "flags": 8,
        "kind": 95,
        "modifierFlagsCache": 0,
        "parent": undefined,
        "pos": -1,
        "transformFlags": 0,
      },
    ],
    "name": IdentifierObject {
      "end": -1,
      "escapedText": "ApiResponse",
      "flags": 8,
      "flowNode": undefined,
      "jsDoc": undefined,
      "kind": 80,
      "modifierFlagsCache": 0,
      "parent": undefined,
      "pos": -1,
      "symbol": undefined,
      "transformFlags": 0,
    },
    "nextContainer": undefined,
    "parent": undefined,
    "pos": -1,
    "symbol": undefined,
    "transformFlags": 1,
    "type": NodeObject {
      "end": -1,
      "flags": 8,
      "kind": 186,
      "localSymbol": undefined,
      "members": [
        NodeObject {
          "end": -1,
          "flags": 8,
          "initializer": undefined,
          "jsDoc": undefined,
          "kind": 170,
          "localSymbol": undefined,
          "modifierFlagsCache": 0,
          "modifiers": undefined,
          "name": IdentifierObject {
            "end": -1,
            "escapedText": "code",
            "flags": 8,
            "flowNode": undefined,
            "jsDoc": undefined,
            "kind": 80,
            "modifierFlagsCache": 0,
            "parent": undefined,
            "pos": -1,
            "symbol": undefined,
            "transformFlags": 0,
          },
          "parent": undefined,
          "pos": -1,
          "questionToken": TokenObject {
            "end": -1,
            "flags": 8,
            "kind": 58,
            "modifierFlagsCache": 0,
            "parent": undefined,
            "pos": -1,
            "transformFlags": 0,
          },
          "symbol": undefined,
          "transformFlags": 1,
          "type": TokenObject {
            "end": -1,
            "flags": 8,
            "kind": 150,
            "modifierFlagsCache": 0,
            "parent": undefined,
            "pos": -1,
            "transformFlags": 1,
          },
        },
        NodeObject {
          "end": -1,
          "flags": 8,
          "initializer": undefined,
          "jsDoc": undefined,
          "kind": 170,
          "localSymbol": undefined,
          "modifierFlagsCache": 0,
          "modifiers": undefined,
          "name": IdentifierObject {
            "end": -1,
            "escapedText": "type",
            "flags": 8,
            "flowNode": undefined,
            "jsDoc": undefined,
            "kind": 80,
            "modifierFlagsCache": 0,
            "parent": undefined,
            "pos": -1,
            "symbol": undefined,
            "transformFlags": 0,
          },
          "parent": undefined,
          "pos": -1,
          "questionToken": TokenObject {
            "end": -1,
            "flags": 8,
            "kind": 58,
            "modifierFlagsCache": 0,
            "parent": undefined,
            "pos": -1,
            "transformFlags": 0,
          },
          "symbol": undefined,
          "transformFlags": 1,
          "type": TokenObject {
            "end": -1,
            "flags": 8,
            "kind": 154,
            "modifierFlagsCache": 0,
            "parent": undefined,
            "pos": -1,
            "transformFlags": 1,
          },
        },
        NodeObject {
          "end": -1,
          "flags": 8,
          "initializer": undefined,
          "jsDoc": undefined,
          "kind": 170,
          "localSymbol": undefined,
          "modifierFlagsCache": 0,
          "modifiers": undefined,
          "name": IdentifierObject {
            "end": -1,
            "escapedText": "message",
            "flags": 8,
            "flowNode": undefined,
            "jsDoc": undefined,
            "kind": 80,
            "modifierFlagsCache": 0,
            "parent": undefined,
            "pos": -1,
            "symbol": undefined,
            "transformFlags": 0,
          },
          "parent": undefined,
          "pos": -1,
          "questionToken": TokenObject {
            "end": -1,
            "flags": 8,
            "kind": 58,
            "modifierFlagsCache": 0,
            "parent": undefined,
            "pos": -1,
            "transformFlags": 0,
          },
          "symbol": undefined,
          "transformFlags": 1,
          "type": TokenObject {
            "end": -1,
            "flags": 8,
            "kind": 154,
            "modifierFlagsCache": 0,
            "parent": undefined,
            "pos": -1,
            "transformFlags": 1,
          },
        },
      ],
      "modifierFlagsCache": 0,
      "parent": undefined,
      "pos": -1,
      "symbol": undefined,
      "transformFlags": 1,
    },
    "typeParameters": undefined,
  },
  NodeObject {
    "end": -1,
    "flags": 8,
    "jsDoc": undefined,
    "kind": 264,
    "localSymbol": undefined,
    "locals": undefined,
    "modifierFlagsCache": 0,
    "modifiers": [
      TokenObject {
        "end": -1,
        "flags": 8,
        "kind": 95,
        "modifierFlagsCache": 0,
        "parent": undefined,
        "pos": -1,
        "transformFlags": 0,
      },
    ],
    "name": IdentifierObject {
      "end": -1,
      "escapedText": "Category",
      "flags": 8,
      "flowNode": undefined,
      "jsDoc": undefined,
      "kind": 80,
      "modifierFlagsCache": 0,
      "parent": undefined,
      "pos": -1,
      "symbol": undefined,
      "transformFlags": 0,
    },
    "nextContainer": undefined,
    "parent": undefined,
    "pos": -1,
    "symbol": undefined,
    "transformFlags": 1,
    "type": NodeObject {
      "end": -1,
      "flags": 8,
      "kind": 186,
      "localSymbol": undefined,
      "members": [
        NodeObject {
          "end": -1,
          "flags": 8,
          "initializer": undefined,
          "jsDoc": undefined,
          "kind": 170,
          "localSymbol": undefined,
          "modifierFlagsCache": 0,
          "modifiers": undefined,
          "name": IdentifierObject {
            "end": -1,
            "escapedText": "id",
            "flags": 8,
            "flowNode": undefined,
            "jsDoc": undefined,
            "kind": 80,
            "modifierFlagsCache": 0,
            "parent": undefined,
            "pos": -1,
            "symbol": undefined,
            "transformFlags": 0,
          },
          "parent": undefined,
          "pos": -1,
          "questionToken": TokenObject {
            "end": -1,
            "flags": 8,
            "kind": 58,
            "modifierFlagsCache": 0,
            "parent": undefined,
            "pos": -1,
            "transformFlags": 0,
          },
          "symbol": undefined,
          "transformFlags": 1,
          "type": TokenObject {
            "end": -1,
            "flags": 8,
            "kind": 150,
            "modifierFlagsCache": 0,
            "parent": undefined,
            "pos": -1,
            "transformFlags": 1,
          },
        },
        NodeObject {
          "end": -1,
          "flags": 8,
          "initializer": undefined,
          "jsDoc": undefined,
          "kind": 170,
          "localSymbol": undefined,
          "modifierFlagsCache": 0,
          "modifiers": undefined,
          "name": IdentifierObject {
            "end": -1,
            "escapedText": "name",
            "flags": 8,
            "flowNode": undefined,
            "jsDoc": undefined,
            "kind": 80,
            "modifierFlagsCache": 0,
            "parent": undefined,
            "pos": -1,
            "symbol": undefined,
            "transformFlags": 0,
          },
          "parent": undefined,
          "pos": -1,
          "questionToken": TokenObject {
            "end": -1,
            "flags": 8,
            "kind": 58,
            "modifierFlagsCache": 0,
            "parent": undefined,
            "pos": -1,
            "transformFlags": 0,
          },
          "symbol": undefined,
          "transformFlags": 1,
          "type": TokenObject {
            "end": -1,
            "flags": 8,
            "kind": 154,
            "modifierFlagsCache": 0,
            "parent": undefined,
            "pos": -1,
            "transformFlags": 1,
          },
        },
      ],
      "modifierFlagsCache": 0,
      "parent": undefined,
      "pos": -1,
      "symbol": undefined,
      "transformFlags": 1,
    },
    "typeParameters": undefined,
  },
  NodeObject {
    "end": -1,
    "flags": 8,
    "jsDoc": undefined,
    "kind": 264,
    "localSymbol": undefined,
    "locals": undefined,
    "modifierFlagsCache": 0,
    "modifiers": [
      TokenObject {
        "end": -1,
        "flags": 8,
        "kind": 95,
        "modifierFlagsCache": 0,
        "parent": undefined,
        "pos": -1,
        "transformFlags": 0,
      },
    ],
    "name": IdentifierObject {
      "end": -1,
      "escapedText": "Tag",
      "flags": 8,
      "flowNode": undefined,
      "jsDoc": undefined,
      "kind": 80,
      "modifierFlagsCache": 0,
      "parent": undefined,
      "pos": -1,
      "symbol": undefined,
      "transformFlags": 0,
    },
    "nextContainer": undefined,
    "parent": undefined,
    "pos": -1,
    "symbol": undefined,
    "transformFlags": 1,
    "type": NodeObject {
      "end": -1,
      "flags": 8,
      "kind": 186,
      "localSymbol": undefined,
      "members": [
        NodeObject {
          "end": -1,
          "flags": 8,
          "initializer": undefined,
          "jsDoc": undefined,
          "kind": 170,
          "localSymbol": undefined,
          "modifierFlagsCache": 0,
          "modifiers": undefined,
          "name": IdentifierObject {
            "end": -1,
            "escapedText": "id",
            "flags": 8,
            "flowNode": undefined,
            "jsDoc": undefined,
            "kind": 80,
            "modifierFlagsCache": 0,
            "parent": undefined,
            "pos": -1,
            "symbol": undefined,
            "transformFlags": 0,
          },
          "parent": undefined,
          "pos": -1,
          "questionToken": TokenObject {
            "end": -1,
            "flags": 8,
            "kind": 58,
            "modifierFlagsCache": 0,
            "parent": undefined,
            "pos": -1,
            "transformFlags": 0,
          },
          "symbol": undefined,
          "transformFlags": 1,
          "type": TokenObject {
            "end": -1,
            "flags": 8,
            "kind": 150,
            "modifierFlagsCache": 0,
            "parent": undefined,
            "pos": -1,
            "transformFlags": 1,
          },
        },
        NodeObject {
          "end": -1,
          "flags": 8,
          "initializer": undefined,
          "jsDoc": undefined,
          "kind": 170,
          "localSymbol": undefined,
          "modifierFlagsCache": 0,
          "modifiers": undefined,
          "name": IdentifierObject {
            "end": -1,
            "escapedText": "name",
            "flags": 8,
            "flowNode": undefined,
            "jsDoc": undefined,
            "kind": 80,
            "modifierFlagsCache": 0,
            "parent": undefined,
            "pos": -1,
            "symbol": undefined,
            "transformFlags": 0,
          },
          "parent": undefined,
          "pos": -1,
          "questionToken": TokenObject {
            "end": -1,
            "flags": 8,
            "kind": 58,
            "modifierFlagsCache": 0,
            "parent": undefined,
            "pos": -1,
            "transformFlags": 0,
          },
          "symbol": undefined,
          "transformFlags": 1,
          "type": TokenObject {
            "end": -1,
            "flags": 8,
            "kind": 154,
            "modifierFlagsCache": 0,
            "parent": undefined,
            "pos": -1,
            "transformFlags": 1,
          },
        },
      ],
      "modifierFlagsCache": 0,
      "parent": undefined,
      "pos": -1,
      "symbol": undefined,
      "transformFlags": 1,
    },
    "typeParameters": undefined,
  },
]
`;
