// Jest Snapshot v1, https://goo.gl/fbAQLP

exports[`Printer/PrinterBase createSourceFile should create TypeScript source file 1`] = `
SourceFileObject {
  "ambientModuleNames": undefined,
  "amdDependencies": [],
  "bindDiagnostics": [],
  "bindSuggestionDiagnostics": undefined,
  "checkJsDirective": undefined,
  "classifiableNames": undefined,
  "commentDirectives": undefined,
  "end": 0,
  "endFlowNode": undefined,
  "endOfFileToken": TokenObject {
    "end": 0,
    "flags": 0,
    "kind": 1,
    "modifierFlagsCache": 0,
    "parent": undefined,
    "pos": 0,
    "transformFlags": 0,
  },
  "externalModuleIndicator": undefined,
  "fileName": "fileName",
  "flags": 0,
  "hasNoDefaultLib": false,
  "identifierCount": 0,
  "identifiers": Map {},
  "impliedNodeFormat": undefined,
  "imports": undefined,
  "isDeclarationFile": false,
  "kind": 311,
  "languageVariant": 0,
  "languageVersion": 99,
  "libReferenceDirectives": [],
  "lineMap": undefined,
  "locals": undefined,
  "modifierFlagsCache": 0,
  "moduleAugmentations": undefined,
  "nextContainer": undefined,
  "nodeCount": 2,
  "originalFileName": "",
  "packageJsonLocations": undefined,
  "packageJsonScope": undefined,
  "parent": undefined,
  "parseDiagnostics": [],
  "path": "",
  "pos": 0,
  "pragmas": Map {},
  "referencedFiles": [],
  "resolvedModules": undefined,
  "resolvedPath": "",
  "scriptKind": 3,
  "setExternalModuleIndicator": [Function],
  "statements": [],
  "symbolCount": 0,
  "text": "",
  "transformFlags": 0,
  "typeReferenceDirectives": [],
}
`;
